// Jest Snapshot v1, https://goo.gl/fbAQLP

exports[`TableContainer renders TableContainer 1`] = `ShallowWrapper {}`;
