// Jest Snapshot v1, https://goo.gl/fbAQLP

exports[`Item renders Item component 1`] = `ShallowWrapper {}`;
