// Jest Snapshot v1, https://goo.gl/fbAQLP

exports[`Grid renders Grid component 1`] = `ShallowWrapper {}`;
